/Users/rakesh/Desktop/Workspace/flipkart-e2e-automation-framework/src/main/java/base/BaseTest.java
/Users/rakesh/Desktop/Workspace/flipkart-e2e-automation-framework/src/main/java/hooks/Hooks.java
/Users/rakesh/Desktop/Workspace/flipkart-e2e-automation-framework/src/main/java/pages/AddToCartPage.java
/Users/rakesh/Desktop/Workspace/flipkart-e2e-automation-framework/src/main/java/pages/FashionPage.java
/Users/rakesh/Desktop/Workspace/flipkart-e2e-automation-framework/src/main/java/pages/FilterPage.java
/Users/rakesh/Desktop/Workspace/flipkart-e2e-automation-framework/src/main/java/pages/SearchPage.java
/Users/rakesh/Desktop/Workspace/flipkart-e2e-automation-framework/src/main/java/pages/TitlePricePage.java
/Users/rakesh/Desktop/Workspace/flipkart-e2e-automation-framework/src/main/java/utils/ExcelUtility.java
/Users/rakesh/Desktop/Workspace/flipkart-e2e-automation-framework/src/main/java/utils/LoggerConfig.java
/Users/rakesh/Desktop/Workspace/flipkart-e2e-automation-framework/src/main/java/utils/SeleniumUtils.java
